Archive member included to satisfy reference by file (symbol)

d:/iti/tourkey/tools/arm_gcc/bin/../lib/gcc/arm-none-eabi/5.4.1/armv7e-m\libgcc.a(_arm_addsubdf3.o)
                              ./src/MCAL/SysTick.o (__aeabi_ui2d)
d:/iti/tourkey/tools/arm_gcc/bin/../lib/gcc/arm-none-eabi/5.4.1/armv7e-m\libgcc.a(_arm_muldivdf3.o)
                              ./src/MCAL/SysTick.o (__aeabi_dmul)
d:/iti/tourkey/tools/arm_gcc/bin/../lib/gcc/arm-none-eabi/5.4.1/armv7e-m\libgcc.a(_arm_cmpdf2.o)
                              ./src/MCAL/SysTick.o (__aeabi_dcmpgt)
d:/iti/tourkey/tools/arm_gcc/bin/../lib/gcc/arm-none-eabi/5.4.1/armv7e-m\libgcc.a(_arm_fixunsdfsi.o)
                              ./src/MCAL/SysTick.o (__aeabi_d2uiz)
d:/iti/tourkey/tools/arm_gcc/bin/../lib/gcc/arm-none-eabi/5.4.1/armv7e-m\libgcc.a(_arm_addsubsf3.o)
                              ./src/MCAL/USART.o (__aeabi_fsub)
d:/iti/tourkey/tools/arm_gcc/bin/../lib/gcc/arm-none-eabi/5.4.1/armv7e-m\libgcc.a(_arm_muldivsf3.o)
                              ./src/MCAL/USART.o (__aeabi_fmul)
d:/iti/tourkey/tools/arm_gcc/bin/../lib/gcc/arm-none-eabi/5.4.1/armv7e-m\libgcc.a(_arm_fixunssfsi.o)
                              ./src/MCAL/Clock_Control.o (__aeabi_f2uiz)
d:/iti/tourkey/tools/arm_gcc/bin/../lib/gcc/arm-none-eabi/5.4.1/../../../../arm-none-eabi/lib/armv7e-m\libg_nano.a(lib_a-errno.o)
                              ./system/src/newlib/sbrk.o (__errno)
d:/iti/tourkey/tools/arm_gcc/bin/../lib/gcc/arm-none-eabi/5.4.1/../../../../arm-none-eabi/lib/armv7e-m\libg_nano.a(lib_a-impure.o)
                              d:/iti/tourkey/tools/arm_gcc/bin/../lib/gcc/arm-none-eabi/5.4.1/../../../../arm-none-eabi/lib/armv7e-m\libg_nano.a(lib_a-errno.o) (_impure_ptr)
d:/iti/tourkey/tools/arm_gcc/bin/../lib/gcc/arm-none-eabi/5.4.1/../../../../arm-none-eabi/lib/armv7e-m\libg_nano.a(lib_a-strlen.o)
                              ./system/src/diag/trace.o (strlen)
d:/iti/tourkey/tools/arm_gcc/bin/../lib/gcc/arm-none-eabi/5.4.1/../../../../arm-none-eabi/lib/armv7e-m\libg_nano.a(lib_a-vsnprintf.o)
                              ./system/src/diag/trace.o (vsnprintf)
d:/iti/tourkey/tools/arm_gcc/bin/../lib/gcc/arm-none-eabi/5.4.1/../../../../arm-none-eabi/lib/armv7e-m\libg_nano.a(lib_a-nano-svfprintf.o)
                              d:/iti/tourkey/tools/arm_gcc/bin/../lib/gcc/arm-none-eabi/5.4.1/../../../../arm-none-eabi/lib/armv7e-m\libg_nano.a(lib_a-vsnprintf.o) (_svfprintf_r)
d:/iti/tourkey/tools/arm_gcc/bin/../lib/gcc/arm-none-eabi/5.4.1/../../../../arm-none-eabi/lib/armv7e-m\libg_nano.a(lib_a-nano-vfprintf_i.o)
                              d:/iti/tourkey/tools/arm_gcc/bin/../lib/gcc/arm-none-eabi/5.4.1/../../../../arm-none-eabi/lib/armv7e-m\libg_nano.a(lib_a-nano-svfprintf.o) (_printf_i)
d:/iti/tourkey/tools/arm_gcc/bin/../lib/gcc/arm-none-eabi/5.4.1/../../../../arm-none-eabi/lib/armv7e-m\libg_nano.a(lib_a-memchr.o)
                              d:/iti/tourkey/tools/arm_gcc/bin/../lib/gcc/arm-none-eabi/5.4.1/../../../../arm-none-eabi/lib/armv7e-m\libg_nano.a(lib_a-nano-svfprintf.o) (memchr)
d:/iti/tourkey/tools/arm_gcc/bin/../lib/gcc/arm-none-eabi/5.4.1/../../../../arm-none-eabi/lib/armv7e-m\libg_nano.a(lib_a-memcpy-stub.o)
                              d:/iti/tourkey/tools/arm_gcc/bin/../lib/gcc/arm-none-eabi/5.4.1/../../../../arm-none-eabi/lib/armv7e-m\libg_nano.a(lib_a-nano-svfprintf.o) (memcpy)
d:/iti/tourkey/tools/arm_gcc/bin/../lib/gcc/arm-none-eabi/5.4.1/../../../../arm-none-eabi/lib/armv7e-m\libg_nano.a(lib_a-memmove.o)
                              d:/iti/tourkey/tools/arm_gcc/bin/../lib/gcc/arm-none-eabi/5.4.1/../../../../arm-none-eabi/lib/armv7e-m\libg_nano.a(lib_a-nano-svfprintf.o) (memmove)
d:/iti/tourkey/tools/arm_gcc/bin/../lib/gcc/arm-none-eabi/5.4.1/../../../../arm-none-eabi/lib/armv7e-m\libg_nano.a(lib_a-nano-freer.o)
                              d:/iti/tourkey/tools/arm_gcc/bin/../lib/gcc/arm-none-eabi/5.4.1/../../../../arm-none-eabi/lib/armv7e-m\libg_nano.a(lib_a-nano-svfprintf.o) (_free_r)
d:/iti/tourkey/tools/arm_gcc/bin/../lib/gcc/arm-none-eabi/5.4.1/../../../../arm-none-eabi/lib/armv7e-m\libg_nano.a(lib_a-nano-mallocr.o)
                              d:/iti/tourkey/tools/arm_gcc/bin/../lib/gcc/arm-none-eabi/5.4.1/../../../../arm-none-eabi/lib/armv7e-m\libg_nano.a(lib_a-nano-svfprintf.o) (_malloc_r)
d:/iti/tourkey/tools/arm_gcc/bin/../lib/gcc/arm-none-eabi/5.4.1/../../../../arm-none-eabi/lib/armv7e-m\libg_nano.a(lib_a-nano-reallocr.o)
                              d:/iti/tourkey/tools/arm_gcc/bin/../lib/gcc/arm-none-eabi/5.4.1/../../../../arm-none-eabi/lib/armv7e-m\libg_nano.a(lib_a-nano-svfprintf.o) (_realloc_r)
d:/iti/tourkey/tools/arm_gcc/bin/../lib/gcc/arm-none-eabi/5.4.1/../../../../arm-none-eabi/lib/armv7e-m\libg_nano.a(lib_a-sbrkr.o)
                              d:/iti/tourkey/tools/arm_gcc/bin/../lib/gcc/arm-none-eabi/5.4.1/../../../../arm-none-eabi/lib/armv7e-m\libg_nano.a(lib_a-nano-mallocr.o) (_sbrk_r)
[...]
Memory Configuration

Name             Origin             Length             Attributes
RAM              0x20000000         0x00010000         xrw
CCMRAM           0x10000000         0x00000000         xrw
FLASH            0x08000000         0x00100000         xr
FLASHB1          0x00000000         0x00000000         xr
EXTMEMB0         0x00000000         0x00000000         xr
EXTMEMB1         0x00000000         0x00000000         xr
EXTMEMB2         0x00000000         0x00000000         xr
EXTMEMB3         0x00000000         0x00000000         xr
*default*        0x00000000         0xffffffff

Linker script and memory map

LOAD ./system/src/newlib/assert.o
LOAD ./system/src/newlib/cxx.o
LOAD ./system/src/newlib/exit.o
LOAD ./system/src/newlib/sbrk.o
LOAD ./system/src/newlib/startup.o
LOAD ./system/src/newlib/syscalls.o
LOAD ./system/src/diag/trace-impl.o
LOAD ./system/src/diag/trace.o
LOAD ./system/src/cortexm/exception-handlers.o
LOAD ./system/src/cortexm/initialize-hardware.o
LOAD ./system/src/cortexm/reset-hardware.o
LOAD ./system/src/cmsis/system_stm32f4xx.o
LOAD ./system/src/cmsis/vectors_stm32f401xc.o
LOAD ./src/Sched/Sched.o
LOAD ./src/Sched/Sched_cfg.o
LOAD ./src/MCAL/Clock_Control.o
LOAD ./src/MCAL/GPIO.o
LOAD ./src/MCAL/NVIC.o
LOAD ./src/MCAL/RCC.o
LOAD ./src/MCAL/SCB.o
LOAD ./src/MCAL/SysTick.o
LOAD ./src/MCAL/USART.o
LOAD ./src/HAL/LCD.o
LOAD ./src/HAL/LCD_Cfg.o
LOAD ./src/HAL/LED.o
LOAD ./src/HAL/LED_Cfg.o
LOAD ./src/HAL/SSegment.o
LOAD ./src/HAL/SSegment_Cfg.o
LOAD ./src/HAL/Switch.o
LOAD ./src/HAL/Switch_Cfg.o
LOAD ./src/APP2.o
LOAD ./src/Init.o
LOAD ./src/LCD_Task.o
LOAD ./src/Switch_App.o
LOAD ./src/Switch_Task.o
LOAD ./src/USART.o
LOAD ./src/main.o
LOAD d:/iti/tourkey/tools/arm_gcc/bin/../lib/gcc/arm-none-eabi/5.4.1/../../../../arm-none-eabi/lib/armv7e-m\libstdc++_nano.a
LOAD d:/iti/tourkey/tools/arm_gcc/bin/../lib/gcc/arm-none-eabi/5.4.1/../../../../arm-none-eabi/lib/armv7e-m\libm.a
START GROUP
LOAD d:/iti/tourkey/tools/arm_gcc/bin/../lib/gcc/arm-none-eabi/5.4.1/armv7e-m\libgcc.a
LOAD d:/iti/tourkey/tools/arm_gcc/bin/../lib/gcc/arm-none-eabi/5.4.1/../../../../arm-none-eabi/lib/armv7e-m\libg_nano.a
LOAD d:/iti/tourkey/tools/arm_gcc/bin/../lib/gcc/arm-none-eabi/5.4.1/../../../../arm-none-eabi/lib/armv7e-m\libc_nano.a
END GROUP
START GROUP
LOAD d:/iti/tourkey/tools/arm_gcc/bin/../lib/gcc/arm-none-eabi/5.4.1/armv7e-m\libgcc.a
LOAD d:/iti/tourkey/tools/arm_gcc/bin/../lib/gcc/arm-none-eabi/5.4.1/../../../../arm-none-eabi/lib/armv7e-m\libc_nano.a
END GROUP
                0x20010000                __stack = (ORIGIN (RAM) + LENGTH (RAM))
                0x20010000                _estack = __stack
                0x00000400                __Main_Stack_Size = 0x400
                [!provide]                PROVIDE (_Main_Stack_Size, __Main_Stack_Size)
                0x2000fc00                __Main_Stack_Limit = (__stack - __Main_Stack_Size)
                [!provide]                PROVIDE (_Main_Stack_Limit, __Main_Stack_Limit)
                0x00000100                _Minimum_Stack_Size = 0x100
                0x200002ac                PROVIDE (_Heap_Begin, _end_noinit)
                0x2000fc00                PROVIDE (_Heap_Limit, (__stack - __Main_Stack_Size))

.isr_vector     0x08000000      0x4e4
 FILL mask 0xff
                0x08000000                __vectors_start = ABSOLUTE (.)
                0x08000000                __vectors_start__ = ABSOLUTE (.)
 *(.isr_vector)
 .isr_vector    0x08000000      0x194 ./system/src/cmsis/vectors_stm32f401xc.o
                0x08000000                __isr_vectors
 *(.cfmconfig)
 *(.after_vectors .after_vectors.*)
 .after_vectors
                0x08000194      0x1c4 ./system/src/newlib/startup.o
                0x08000194                _start
 .after_vectors
                0x08000358      0x184 ./system/src/cortexm/exception-handlers.o
                0x08000358                Reset_Handler
                0x08000360                NMI_Handler
                0x08000368                HardFault_Handler
                0x08000380                HardFault_Handler_C
                0x080003f4                MemManage_Handler
                0x080003fc                BusFault_Handler
                0x08000414                BusFault_Handler_C
                0x08000454                UsageFault_Handler
                0x0800046c                UsageFault_Handler_C
                0x080004ac                SVC_Handler
                0x080004b4                DebugMon_Handler
                0x080004bc                PendSV_Handler
 .after_vectors
                0x080004dc        0x8 ./system/src/cmsis/vectors_stm32f401xc.o
                0x080004dc                RTC_Alarm_IRQHandler
                0x080004dc                EXTI2_IRQHandler
                0x080004dc                SPI4_IRQHandler
                0x080004dc                TIM1_CC_IRQHandler
                0x080004dc                DMA2_Stream5_IRQHandler
                0x080004dc                DMA1_Stream5_IRQHandler
                0x080004dc                PVD_IRQHandler
                0x080004dc                SDIO_IRQHandler
                0x080004dc                TAMP_STAMP_IRQHandler
                0x080004dc                EXTI3_IRQHandler
                0x080004dc                TIM1_UP_TIM10_IRQHandler
                0x080004dc                I2C3_ER_IRQHandler
                0x080004dc                EXTI0_IRQHandler
                0x080004dc                I2C2_EV_IRQHandler
                0x080004dc                DMA1_Stream2_IRQHandler
                0x080004dc                FPU_IRQHandler
                0x080004dc                DMA2_Stream2_IRQHandler
                0x080004dc                SPI1_IRQHandler
                0x080004dc                TIM1_BRK_TIM9_IRQHandler
                0x080004dc                DMA2_Stream3_IRQHandler
                0x080004dc                DMA2_Stream0_IRQHandler
                0x080004dc                TIM4_IRQHandler
                0x080004dc                I2C1_EV_IRQHandler
                0x080004dc                DMA1_Stream6_IRQHandler
                0x080004dc                DMA1_Stream1_IRQHandler
                0x080004dc                TIM3_IRQHandler
                0x080004dc                RCC_IRQHandler
                0x080004dc                Default_Handler
                0x080004dc                EXTI15_10_IRQHandler
                0x080004dc                ADC_IRQHandler
                0x080004dc                DMA1_Stream7_IRQHandler
                0x080004dc                TIM5_IRQHandler
                0x080004dc                DMA2_Stream7_IRQHandler
                0x080004dc                I2C3_EV_IRQHandler
                0x080004dc                EXTI9_5_IRQHandler
                0x080004dc                RTC_WKUP_IRQHandler
                0x080004dc                SPI2_IRQHandler
                0x080004dc                DMA1_Stream0_IRQHandler
                0x080004dc                EXTI4_IRQHandler
                0x080004dc                WWDG_IRQHandler
                0x080004dc                TIM2_IRQHandler
                0x080004dc                OTG_FS_WKUP_IRQHandler
                0x080004dc                TIM1_TRG_COM_TIM11_IRQHandler
                0x080004dc                EXTI1_IRQHandler
                0x080004dc                I2C2_ER_IRQHandler
                0x080004dc                DMA2_Stream1_IRQHandler
                0x080004dc                FLASH_IRQHandler
                0x080004dc                DMA2_Stream4_IRQHandler
                0x080004dc                OTG_FS_IRQHandler
                0x080004dc                SPI3_IRQHandler
                0x080004dc                DMA1_Stream4_IRQHandler
                0x080004dc                I2C1_ER_IRQHandler
                0x080004dc                DMA2_Stream6_IRQHandler
                0x080004dc                DMA1_Stream3_IRQHandler

.inits          0x080004e4       0x28
                0x080004e4                __data_regions_array_start = .
                0x080004e4        0x4 LONG 0x8004c0c LOADADDR (.data)
                0x080004e8        0x4 LONG 0x20000000 ADDR (.data)
                0x080004ec        0x4 LONG 0x20000090 (ADDR (.data) + SIZEOF (.data))
                0x080004f0        0x4 LONG 0x8004c0c LOADADDR (.data_CCMRAM)
                0x080004f4        0x4 LONG 0x10000000 ADDR (.data_CCMRAM)
                0x080004f8        0x4 LONG 0x10000000 (ADDR (.data_CCMRAM) + SIZEOF (.data_CCMRAM))
                0x080004fc                __data_regions_array_end = .
                0x080004fc                __bss_regions_array_start = .
                0x080004fc        0x4 LONG 0x20000090 ADDR (.bss)
                0x08000500        0x4 LONG 0x200002ac (ADDR (.bss) + SIZEOF (.bss))
                0x08000504        0x4 LONG 0x10000000 ADDR (.bss_CCMRAM)
                0x08000508        0x4 LONG 0x10000000 (ADDR (.bss_CCMRAM) + SIZEOF (.bss_CCMRAM))
                0x0800050c                __bss_regions_array_end = .
 *(.init)
 *(.fini)
                0x0800050c                . = ALIGN (0x4)
                0x0800050c                PROVIDE (__preinit_array_start, .)
 *(.preinit_array_sysinit .preinit_array_sysinit.*)
 *(.preinit_array_platform .preinit_array_platform.*)
 *(.preinit_array .preinit_array.*)
                0x0800050c                PROVIDE (__preinit_array_end, .)
                0x0800050c                . = ALIGN (0x4)
                0x0800050c                PROVIDE (__init_array_start, .)
 *(SORT(.init_array.*))
 *(.init_array)
                0x0800050c                PROVIDE (__init_array_end, .)
                0x0800050c                . = ALIGN (0x4)
                0x0800050c                PROVIDE (__fini_array_start, .)
 *(SORT(.fini_array.*))
 *(.fini_array)
                0x0800050c                PROVIDE (__fini_array_end, .)

.flashtext
 *(.flashtext .flashtext.*)

.text           0x08000510     0x46f9
 *(.text .text.*)
 .text._exit    0x08000510        0xc ./system/src/newlib/exit.o
                0x08000510                _exit
 .text._sbrk    0x0800051c       0x68 ./system/src/newlib/sbrk.o
                0x0800051c                _sbrk
 .text.__initialize_args
                0x08000584       0x24 ./system/src/newlib/syscalls.o
                0x08000584                __initialize_args
 .text.trace_write
                0x080005a8       0x1c ./system/src/diag/trace-impl.o
                0x080005a8                trace_write
 .text._trace_write_semihosting_debug
                0x080005c4       0xa8 ./system/src/diag/trace-impl.o
 .text.trace_printf
                0x0800066c       0x44 ./system/src/diag/trace.o
                0x0800066c                trace_printf
 .text.dumpExceptionStack
                0x080006b0      0x12c ./system/src/cortexm/exception-handlers.o
                0x080006b0                dumpExceptionStack
 .text.isSemihosting
                0x080007dc       0x50 ./system/src/cortexm/exception-handlers.o
                0x080007dc                isSemihosting
 .text.__initialize_hardware_early
                0x0800082c       0x1c ./system/src/cortexm/initialize-hardware.o
                0x0800082c                __initialize_hardware_early
 .text.__initialize_hardware
                0x08000848        0xc ./system/src/cortexm/initialize-hardware.o
                0x08000848                __initialize_hardware
 .text.SystemInit
                0x08000854       0x18 ./system/src/cmsis/system_stm32f4xx.o
                0x08000854                SystemInit
 .text.SystemCoreClockUpdate
                0x0800086c       0xf8 ./system/src/cmsis/system_stm32f4xx.o
                0x0800086c                SystemCoreClockUpdate
 .text.Sched_Init
                0x08000964       0x74 ./src/Sched/Sched.o
                0x08000964                Sched_Init
 .text.Sched_Start
                0x080009d8       0x20 ./src/Sched/Sched.o
                0x080009d8                Sched_Start
 .text.Sched    0x080009f8       0x7c ./src/Sched/Sched.o
 .text.Tick_CBF
                0x08000a74       0x2c ./src/Sched/Sched.o
 .text.Get_SYS_CLK_SPEED
                0x08000aa0      0x1dc ./src/MCAL/Clock_Control.o
                0x08000aa0                Get_SYS_CLK_SPEED
 .text.GPIO_Init_Pin
                0x08000c7c      0x344 ./src/MCAL/GPIO.o
                0x08000c7c                GPIO_Init_Pin
 .text.GPIO_SET_Alternate_Function
                0x08000fc0       0xd0 ./src/MCAL/GPIO.o
                0x08000fc0                GPIO_SET_Alternate_Function
 .text.GPIO_Write_Pin_Value
                0x08001090       0x58 ./src/MCAL/GPIO.o
                0x08001090                GPIO_Write_Pin_Value
 .text.PIN_INPUT
                0x080010e8       0x64 ./src/MCAL/GPIO.o
 .text.PIN_OUTPUT
                0x0800114c       0x78 ./src/MCAL/GPIO.o
 .text.PIN_AF   0x080011c4       0x74 ./src/MCAL/GPIO.o
 .text.PIN_ANALOG
                0x08001238       0x78 ./src/MCAL/GPIO.o
 .text.PIN_SPEED
                0x080012b0       0x80 ./src/MCAL/GPIO.o
 .text.PIN_PU_PD
                0x08001330       0x78 ./src/MCAL/GPIO.o
 .text.PIN_OUTPUT_Type
                0x080013a8       0x74 ./src/MCAL/GPIO.o
 .text.Real_PIN_NUMBER
                0x0800141c       0x34 ./src/MCAL/GPIO.o
 .text.GPIO_Get_Pin_Value
                0x08001450       0x80 ./src/MCAL/GPIO.o
                0x08001450                GPIO_Get_Pin_Value
 .text.NVIC_EnableIRQ
                0x080014d0       0x78 ./src/MCAL/NVIC.o
                0x080014d0                NVIC_EnableIRQ
 .text.RCC_enuSetSysClock
                0x08001548      0x358 ./src/MCAL/RCC.o
                0x08001548                RCC_enuSetSysClock
 .text.RCC_enuEnablePerClock
                0x080018a0       0xb4 ./src/MCAL/RCC.o
                0x080018a0                RCC_enuEnablePerClock
 .text.RCC_enuGetSysClock
                0x08001954       0x88 ./src/MCAL/RCC.o
                0x08001954                RCC_enuGetSysClock
 .text.GetSysClock
                0x080019dc       0x8c ./src/MCAL/RCC.o
 .text.RCC_enuGet_PLL_Cfg
                0x08001a68       0x84 ./src/MCAL/RCC.o
                0x08001a68                RCC_enuGet_PLL_Cfg
 .text.RCC_enuGetAHB_PreScaler
                0x08001aec       0x30 ./src/MCAL/RCC.o
                0x08001aec                RCC_enuGetAHB_PreScaler
 .text.SysTick_Start
                0x08001b1c       0x2c ./src/MCAL/SysTick.o
                0x08001b1c                SysTick_Start
 .text.SysTick_Enable_Exeption
                0x08001b48       0x2c ./src/MCAL/SysTick.o
                0x08001b48                SysTick_Enable_Exeption
 .text.SysTick_Set_CBF
                0x08001b74       0x30 ./src/MCAL/SysTick.o
                0x08001b74                SysTick_Set_CBF
 .text.SysTick_Handler
                0x08001ba4       0x1c ./src/MCAL/SysTick.o
                0x08001ba4                SysTick_Handler
 .text.SysTick_Set_Period_ms
                0x08001bc0      0x10c ./src/MCAL/SysTick.o
                0x08001bc0                SysTick_Set_Period_ms
 .text.SYSTIC_SRC
                0x08001ccc       0x20 ./src/MCAL/SysTick.o
 .text.USART_enuInit
                0x08001cec      0x1ec ./src/MCAL/USART.o
                0x08001cec                USART_enuInit
 .text.USART_Enable_INT
                0x08001ed8       0x30 ./src/MCAL/USART.o
 .text.USART_Disable_INT
                0x08001f08       0x34 ./src/MCAL/USART.o
 *fill*         0x08001f3c        0x4 
 .text.USART_enuTransmit_Buffer_Zero_cpy
                0x08001f40      0x154 ./src/MCAL/USART.o
                0x08001f40                USART_enuTransmit_Buffer_Zero_cpy
 *fill*         0x08002094        0x4 
 .text.USART_enuRecive_Buffer
                0x08002098      0x13c ./src/MCAL/USART.o
                0x08002098                USART_enuRecive_Buffer
 .text.USART1_IRQHandler
                0x080021d4      0x1a0 ./src/MCAL/USART.o
                0x080021d4                USART1_IRQHandler
 .text.USART2_IRQHandler
                0x08002374      0x1a0 ./src/MCAL/USART.o
                0x08002374                USART2_IRQHandler
 .text.USART6_IRQHandler
                0x08002514      0x160 ./src/MCAL/USART.o
                0x08002514                USART6_IRQHandler
 .text.LCD_enuInit
                0x08002674      0x1c8 ./src/HAL/LCD.o
                0x08002674                LCD_enuInit
 .text.LCD_enuSendData
                0x0800283c       0xac ./src/HAL/LCD.o
                0x0800283c                LCD_enuSendData
 .text.LCD_enuSendCommand
                0x080028e8       0xac ./src/HAL/LCD.o
 .text.LCD_Set_Enable_PIN
                0x08002994       0x28 ./src/HAL/LCD.o
 .text.LCD_enuSendString_Async
                0x080029bc      0x14c ./src/HAL/LCD.o
                0x080029bc                LCD_enuSendString_Async
 .text.LCD_enuGotoXY
                0x08002b08       0x44 ./src/HAL/LCD.o
 .text.LCD_Clear
                0x08002b4c       0x44 ./src/HAL/LCD.o
                0x08002b4c                LCD_Clear
 .text.LCD_vidWriteProcess
                0x08002b90      0x23c ./src/HAL/LCD.o
                0x08002b90                LCD_vidWriteProcess
 .text.LED_Init
                0x08002dcc       0x68 ./src/HAL/LED.o
                0x08002dcc                LED_Init
 .text.LED_Set_State
                0x08002e34       0xbc ./src/HAL/LED.o
                0x08002e34                LED_Set_State
 .text.Switch_Get_State
                0x08002ef0       0x38 ./src/HAL/Switch.o
                0x08002ef0                Switch_Get_State
 .text.LCD_APP_F
                0x08002f28       0x3c ./src/APP2.o
                0x08002f28                LCD_APP_F
 *fill*         0x08002f64        0x4 
 .text.Init_F   0x08002f68      0x150 ./src/Init.o
                0x08002f68                Init_F
 .text.LCD_Task_F
                0x080030b8       0x38 ./src/LCD_Task.o
                0x080030b8                LCD_Task_F
 .text.Switch_Application
                0x080030f0       0x3c ./src/Switch_App.o
                0x080030f0                Switch_Application
 .text.Switch_Task
                0x0800312c       0xb4 ./src/Switch_Task.o
                0x0800312c                Switch_Task
 .text.UART_F   0x080031e0       0x60 ./src/USART.o
                0x080031e0                UART_F
 .text.main     0x08003240       0x18 ./src/main.o
                0x08003240                main
 .text          0x08003258      0x370 d:/iti/tourkey/tools/arm_gcc/bin/../lib/gcc/arm-none-eabi/5.4.1/armv7e-m\libgcc.a(_arm_addsubdf3.o)
                0x08003258                __aeabi_drsub
                0x08003260                __aeabi_dsub
                0x08003260                __subdf3
                0x08003264                __aeabi_dadd
                0x08003264                __adddf3
                0x080034dc                __floatunsidf
                0x080034dc                __aeabi_ui2d
                0x080034fc                __floatsidf
                0x080034fc                __aeabi_i2d
                0x08003520                __aeabi_f2d
                0x08003520                __extendsfdf2
                0x0800355c                __floatundidf
                0x0800355c                __aeabi_ul2d
                0x0800356c                __floatdidf
                0x0800356c                __aeabi_l2d
 .text          0x080035c8      0x424 d:/iti/tourkey/tools/arm_gcc/bin/../lib/gcc/arm-none-eabi/5.4.1/armv7e-m\libgcc.a(_arm_muldivdf3.o)
                0x080035c8                __aeabi_dmul
                0x080035c8                __muldf3
                0x0800381c                __divdf3
                0x0800381c                __aeabi_ddiv
 .text          0x080039ec      0x110 d:/iti/tourkey/tools/arm_gcc/bin/../lib/gcc/arm-none-eabi/5.4.1/armv7e-m\libgcc.a(_arm_cmpdf2.o)
                0x080039ec                __gtdf2
                0x080039ec                __gedf2
                0x080039f4                __ltdf2
                0x080039f4                __ledf2
                0x080039fc                __nedf2
                0x080039fc                __eqdf2
                0x080039fc                __cmpdf2
                0x08003a78                __aeabi_cdrcmple
                0x08003a88                __aeabi_cdcmpeq
                0x08003a88                __aeabi_cdcmple
                0x08003a98                __aeabi_dcmpeq
                0x08003aac                __aeabi_dcmplt
                0x08003ac0                __aeabi_dcmple
                0x08003ad4                __aeabi_dcmpge
                0x08003ae8                __aeabi_dcmpgt
 .text          0x08003afc       0x40 d:/iti/tourkey/tools/arm_gcc/bin/../lib/gcc/arm-none-eabi/5.4.1/armv7e-m\libgcc.a(_arm_fixunsdfsi.o)
                0x08003afc                __aeabi_d2uiz
                0x08003afc                __fixunsdfsi
 .text          0x08003b3c      0x21c d:/iti/tourkey/tools/arm_gcc/bin/../lib/gcc/arm-none-eabi/5.4.1/armv7e-m\libgcc.a(_arm_addsubsf3.o)
                0x08003b3c                __aeabi_frsub
                0x08003b44                __subsf3
                0x08003b44                __aeabi_fsub
                0x08003b48                __aeabi_fadd
                0x08003b48                __addsf3
                0x08003ca8                __aeabi_ui2f
                0x08003ca8                __floatunsisf
                0x08003cb0                __aeabi_i2f
                0x08003cb0                __floatsisf
                0x08003ccc                __aeabi_ul2f
                0x08003ccc                __floatundisf
                0x08003cdc                __aeabi_l2f
                0x08003cdc                __floatdisf
 .text          0x08003d58      0x2a0 d:/iti/tourkey/tools/arm_gcc/bin/../lib/gcc/arm-none-eabi/5.4.1/armv7e-m\libgcc.a(_arm_muldivsf3.o)
                0x08003d58                __mulsf3
                0x08003d58                __aeabi_fmul
                0x08003ec0                __aeabi_fdiv
                0x08003ec0                __divsf3
 .text          0x08003ff8       0x40 d:/iti/tourkey/tools/arm_gcc/bin/../lib/gcc/arm-none-eabi/5.4.1/armv7e-m\libgcc.a(_arm_fixunssfsi.o)
                0x08003ff8                __fixunssfsi
                0x08003ff8                __aeabi_f2uiz
 .text.__errno  0x08004038        0xc d:/iti/tourkey/tools/arm_gcc/bin/../lib/gcc/arm-none-eabi/5.4.1/../../../../arm-none-eabi/lib/armv7e-m\libg_nano.a(lib_a-errno.o)
                0x08004038                __errno
 .text._vsnprintf_r
                0x08004044       0x56 d:/iti/tourkey/tools/arm_gcc/bin/../lib/gcc/arm-none-eabi/5.4.1/../../../../arm-none-eabi/lib/armv7e-m\libg_nano.a(lib_a-vsnprintf.o)
                0x08004044                _vsniprintf_r
                0x08004044                _vsnprintf_r
 *fill*         0x0800409a        0x2 
 .text.vsnprintf
                0x0800409c       0x1c d:/iti/tourkey/tools/arm_gcc/bin/../lib/gcc/arm-none-eabi/5.4.1/../../../../arm-none-eabi/lib/armv7e-m\libg_nano.a(lib_a-vsnprintf.o)
                0x0800409c                vsniprintf
                0x0800409c                vsnprintf
 .text.__ssputs_r
                0x080040b8       0xb2 d:/iti/tourkey/tools/arm_gcc/bin/../lib/gcc/arm-none-eabi/5.4.1/../../../../arm-none-eabi/lib/armv7e-m\libg_nano.a(lib_a-nano-svfprintf.o)
                0x080040b8                __ssputs_r
 *fill*         0x0800416a        0x2 
 .text._svfprintf_r
                0x0800416c      0x1e8 d:/iti/tourkey/tools/arm_gcc/bin/../lib/gcc/arm-none-eabi/5.4.1/../../../../arm-none-eabi/lib/armv7e-m\libg_nano.a(lib_a-nano-svfprintf.o)
                0x0800416c                _svfiprintf_r
                0x0800416c                _svfprintf_r
 .text._printf_common
                0x08004354       0xec d:/iti/tourkey/tools/arm_gcc/bin/../lib/gcc/arm-none-eabi/5.4.1/../../../../arm-none-eabi/lib/armv7e-m\libg_nano.a(lib_a-nano-vfprintf_i.o)
                0x08004354                _printf_common
 .text._printf_i
                0x08004440      0x24c d:/iti/tourkey/tools/arm_gcc/bin/../lib/gcc/arm-none-eabi/5.4.1/../../../../arm-none-eabi/lib/armv7e-m\libg_nano.a(lib_a-nano-vfprintf_i.o)
                0x08004440                _printf_i
 *fill*         0x0800468c        0x4 
 .text          0x08004690       0xa0 d:/iti/tourkey/tools/arm_gcc/bin/../lib/gcc/arm-none-eabi/5.4.1/../../../../arm-none-eabi/lib/armv7e-m\libg_nano.a(lib_a-memchr.o)
                0x08004690                memchr
 .text.memcpy   0x08004730       0x16 d:/iti/tourkey/tools/arm_gcc/bin/../lib/gcc/arm-none-eabi/5.4.1/../../../../arm-none-eabi/lib/armv7e-m\libg_nano.a(lib_a-memcpy-stub.o)
                0x08004730                memcpy
 .text.memmove  0x08004746       0x36 d:/iti/tourkey/tools/arm_gcc/bin/../lib/gcc/arm-none-eabi/5.4.1/../../../../arm-none-eabi/lib/armv7e-m\libg_nano.a(lib_a-memmove.o)
                0x08004746                memmove
 .text._free_r  0x0800477c       0x9c d:/iti/tourkey/tools/arm_gcc/bin/../lib/gcc/arm-none-eabi/5.4.1/../../../../arm-none-eabi/lib/armv7e-m\libg_nano.a(lib_a-nano-freer.o)
                0x0800477c                _free_r
 .text._malloc_r
                0x08004818       0xbc d:/iti/tourkey/tools/arm_gcc/bin/../lib/gcc/arm-none-eabi/5.4.1/../../../../arm-none-eabi/lib/armv7e-m\libg_nano.a(lib_a-nano-mallocr.o)
                0x08004818                _malloc_r
 .text._realloc_r
                0x080048d4       0x4c d:/iti/tourkey/tools/arm_gcc/bin/../lib/gcc/arm-none-eabi/5.4.1/../../../../arm-none-eabi/lib/armv7e-m\libg_nano.a(lib_a-nano-reallocr.o)
                0x080048d4                _realloc_r
 .text._sbrk_r  0x08004920       0x20 d:/iti/tourkey/tools/arm_gcc/bin/../lib/gcc/arm-none-eabi/5.4.1/../../../../arm-none-eabi/lib/armv7e-m\libg_nano.a(lib_a-sbrkr.o)
                0x08004920                _sbrk_r
 .text.__malloc_lock
                0x08004940        0x2 d:/iti/tourkey/tools/arm_gcc/bin/../lib/gcc/arm-none-eabi/5.4.1/../../../../arm-none-eabi/lib/armv7e-m\libg_nano.a(lib_a-mlock.o)
                0x08004940                __malloc_lock
 .text.__malloc_unlock
                0x08004942        0x2 d:/iti/tourkey/tools/arm_gcc/bin/../lib/gcc/arm-none-eabi/5.4.1/../../../../arm-none-eabi/lib/armv7e-m\libg_nano.a(lib_a-mlock.o)
                0x08004942                __malloc_unlock
 .text._malloc_usable_size_r
                0x08004944       0x14 d:/iti/tourkey/tools/arm_gcc/bin/../lib/gcc/arm-none-eabi/5.4.1/../../../../arm-none-eabi/lib/armv7e-m\libg_nano.a(lib_a-nano-msizer.o)
                0x08004944                _malloc_usable_size_r
 *(.rodata .rodata.* .constdata .constdata.*)
 .rodata        0x08004958      0x146 ./system/src/cortexm/exception-handlers.o
 *fill*         0x08004a9e        0x2 
 .rodata.AHBPrescTable
                0x08004aa0       0x10 ./system/src/cmsis/system_stm32f4xx.o
                0x08004aa0                AHBPrescTable
 .rodata.Sched_strRunnable_cfg
                0x08004ab0       0x3c ./src/Sched/Sched_cfg.o
                0x08004ab0                Sched_strRunnable_cfg
 *fill*         0x08004aec        0x4 
 .rodata.LCD_Cfg_Array
                0x08004af0       0xb0 ./src/HAL/LCD_Cfg.o
                0x08004af0                LCD_Cfg_Array
 .rodata.LED_Cfg_Array
                0x08004ba0       0x20 ./src/HAL/LED_Cfg.o
                0x08004ba0                LED_Cfg_Array
 .rodata.Switch_Cfg_Array
                0x08004bc0       0x10 ./src/HAL/Switch_Cfg.o
                0x08004bc0                Switch_Cfg_Array
 .rodata        0x08004bd0        0x6 ./src/APP2.o
 .rodata.str1.1
                0x08004bd6       0x11 d:/iti/tourkey/tools/arm_gcc/bin/../lib/gcc/arm-none-eabi/5.4.1/../../../../arm-none-eabi/lib/armv7e-m\libg_nano.a(lib_a-nano-svfprintf.o)
 .rodata.str1.1
                0x08004be7       0x22 d:/iti/tourkey/tools/arm_gcc/bin/../lib/gcc/arm-none-eabi/5.4.1/../../../../arm-none-eabi/lib/armv7e-m\libg_nano.a(lib_a-nano-vfprintf_i.o)
 *(vtable)
 *(.eh_frame*)
 *(.glue_7)
 .glue_7        0x08004c09        0x0 linker stubs
 *(.glue_7t)
 .glue_7t       0x08004c09        0x0 linker stubs

.vfp11_veneer   0x08004c0c        0x0
 .vfp11_veneer  0x08004c0c        0x0 linker stubs

.v4_bx          0x08004c0c        0x0
 .v4_bx         0x08004c0c        0x0 linker stubs

.iplt           0x08004c0c        0x0
 .iplt          0x08004c0c        0x0 ./system/src/newlib/assert.o

.rel.dyn        0x08004c0c        0x0
 .rel.iplt      0x08004c0c        0x0 ./system/src/newlib/assert.o

.ARM.extab
 *(.ARM.extab* .gnu.linkonce.armextab.*)
                0x08004c0c                . = ALIGN (0x4)
                0x08004c0c                __exidx_start = .

.ARM.exidx
 *(.ARM.exidx* .gnu.linkonce.armexidx.*)
                0x08004c0c                __exidx_end = .
                0x08004c0c                . = ALIGN (0x4)
                0x08004c0c                _etext = .
                0x08004c0c                __etext = .

.data_CCMRAM    0x10000000        0x0 load address 0x08004c0c
 FILL mask 0xff
 *(.data.CCMRAM .data.CCMRAM.*)
                0x10000000                . = ALIGN (0x4)
                0x08004c0c                _sidata = LOADADDR (.data)

.data           0x20000000       0x90 load address 0x08004c0c
 FILL mask 0xff
                0x20000000                _sdata = .
                0x20000000                __data_start__ = .
 *(.data_begin .data_begin.*)
 .data_begin    0x20000000        0x4 ./system/src/newlib/startup.o
 *(.data .data.*)
 .data.argv.4290
                0x20000004        0x8 ./system/src/newlib/syscalls.o
 .data.SystemCoreClock
                0x2000000c        0x4 ./system/src/cmsis/system_stm32f4xx.o
                0x2000000c                SystemCoreClock
 .data.NVIC     0x20000010        0x4 ./src/MCAL/NVIC.o
 .data.RCC      0x20000014        0x4 ./src/MCAL/RCC.o
 .data.SysTick  0x20000018        0x4 ./src/MCAL/SysTick.o
 .data.LCD_Enable_PIN
                0x2000001c        0x1 ./src/HAL/LCD.o
 .data.Prev_State.3845
                0x2000001d        0x1 ./src/Switch_Task.o
 .data.Data.3914
                0x2000001e        0x1 ./src/USART.o
 *fill*         0x2000001f        0x1 ff
 .data.Buffer.3915
                0x20000020        0x5 ./src/USART.o
 *fill*         0x20000025        0x3 ff
 .data.impure_data
                0x20000028       0x60 d:/iti/tourkey/tools/arm_gcc/bin/../lib/gcc/arm-none-eabi/5.4.1/../../../../arm-none-eabi/lib/armv7e-m\libg_nano.a(lib_a-impure.o)
 .data._impure_ptr
                0x20000088        0x4 d:/iti/tourkey/tools/arm_gcc/bin/../lib/gcc/arm-none-eabi/5.4.1/../../../../arm-none-eabi/lib/armv7e-m\libg_nano.a(lib_a-impure.o)
                0x20000088                _impure_ptr
 *(.data_end .data_end.*)
 .data_end      0x2000008c        0x4 ./system/src/newlib/startup.o
                0x20000090                . = ALIGN (0x4)
                0x20000090                _edata = .
                0x20000090                __data_end__ = .

.igot.plt       0x20000090        0x0 load address 0x08004c9c
 .igot.plt      0x20000090        0x0 ./system/src/newlib/assert.o

.bss_CCMRAM     0x10000000        0x0
 *(.bss.CCMRAM .bss.CCMRAM.*)

.bss            0x20000090      0x21c
                0x20000090                __bss_start__ = .
                0x20000090                _sbss = .
 *(.bss_begin .bss_begin.*)
 .bss_begin     0x20000090        0x4 ./system/src/newlib/startup.o
 *(.bss .bss.*)
 .bss.current_heap_end.3974
                0x20000094        0x4 ./system/src/newlib/sbrk.o
 .bss.name.4289
                0x20000098        0x1 ./system/src/newlib/syscalls.o
 *fill*         0x20000099        0x3 
 .bss.buf.5179  0x2000009c       0x80 ./system/src/diag/trace.o
 .bss.Sched_Flag
                0x2000011c        0x1 ./src/Sched/Sched.o
                0x2000011c                Sched_Flag
 .bss.CPU_LOAD_100
                0x2000011d        0x1 ./src/Sched/Sched.o
                0x2000011d                CPU_LOAD_100
 *fill*         0x2000011e        0x2 
 .bss.LOC_u32TimeOut
                0x20000120        0x4 ./src/MCAL/RCC.o
 .bss.Error_Staus
                0x20000124        0x1 ./src/MCAL/RCC.o
 *fill*         0x20000125        0x3 
 .bss.LOCTemp_REG
                0x20000128        0x4 ./src/MCAL/RCC.o
 .bss.cbf_SYSTICK_Global
                0x2000012c        0x4 ./src/MCAL/SysTick.o
 .bss.CBF_ARR   0x20000130       0x48 ./src/MCAL/USART.o
 .bss.TX_DATA_Buffeered
                0x20000178        0x3 ./src/MCAL/USART.o
 *fill*         0x2000017b        0x1 
 .bss.TX_ADD_Buffers
                0x2000017c        0xc ./src/MCAL/USART.o
 .bss.TX_Buffer_Size
                0x20000188        0x6 ./src/MCAL/USART.o
 *fill*         0x2000018e        0x2 
 .bss.TXE_Busy_Flag
                0x20000190        0x3 ./src/MCAL/USART.o
 *fill*         0x20000193        0x1 
 .bss.TX_Current_Index
                0x20000194        0x6 ./src/MCAL/USART.o
 *fill*         0x2000019a        0x2 
 .bss.RXE_Busy_Flag
                0x2000019c        0x3 ./src/MCAL/USART.o
 *fill*         0x2000019f        0x1 
 .bss.RX_ADD_Buffers
                0x200001a0        0xc ./src/MCAL/USART.o
 .bss.RX_Buffer_Size
                0x200001ac        0x6 ./src/MCAL/USART.o
 *fill*         0x200001b2        0x2 
 .bss.RX_ADD_Buffeered
                0x200001b4        0xc ./src/MCAL/USART.o
 .bss.RX_Current_Index
                0x200001c0        0x6 ./src/MCAL/USART.o
 *fill*         0x200001c6        0x2 
 .bss.LCD_strUserData
                0x200001c8       0x94 ./src/HAL/LCD.o
 .bss.LCD_Init_Done
                0x2000025c        0x1 ./src/HAL/LCD.o
                0x2000025c                LCD_Init_Done
 .bss.LCD_enuWriteState
                0x2000025d        0x1 ./src/HAL/LCD.o
 .bss.LCD_enuCurrRequest
                0x2000025e        0x1 ./src/HAL/LCD.o
                0x2000025e                LCD_enuCurrRequest
 .bss.LCD_u8CurrentBuffer
                0x2000025f        0x1 ./src/HAL/LCD.o
 .bss.LCD_u8CurrentPosition
                0x20000260        0x1 ./src/HAL/LCD.o
 .bss.LCD_u8BufferIndex
                0x20000261        0x1 ./src/HAL/LCD.o
 .bss.LCD_u8BusyFlag
                0x20000262        0x1 ./src/HAL/LCD.o
 .bss.Loc_Counter.3900
                0x20000263        0x1 ./src/HAL/LCD.o
 .bss.LCD_State.3898
                0x20000264        0x1 ./src/HAL/LCD.o
 .bss.LED_State
                0x20000265        0x1 ./src/HAL/LED.o
 .bss.counter.3862
                0x20000266        0x1 ./src/APP2.o
 *fill*         0x20000267        0x1 
 .bss.Switch_Counter.3844
                0x20000268        0x4 ./src/Switch_Task.o
 .bss.Counter.3843
                0x2000026c        0x4 ./src/Switch_Task.o
 .bss.__malloc_sbrk_start
                0x20000270        0x4 d:/iti/tourkey/tools/arm_gcc/bin/../lib/gcc/arm-none-eabi/5.4.1/../../../../arm-none-eabi/lib/armv7e-m\libg_nano.a(lib_a-nano-mallocr.o)
                0x20000270                __malloc_sbrk_start
 .bss.__malloc_free_list
                0x20000274        0x4 d:/iti/tourkey/tools/arm_gcc/bin/../lib/gcc/arm-none-eabi/5.4.1/../../../../arm-none-eabi/lib/armv7e-m\libg_nano.a(lib_a-nano-mallocr.o)
                0x20000274                __malloc_free_list
 *(COMMON)
 COMMON         0x20000278        0x4 ./system/src/newlib/syscalls.o
                0x20000278                errno
 COMMON         0x2000027c       0x28 ./src/Sched/Sched.o
                0x2000027c                Tasks
 COMMON         0x200002a4        0x1 ./src/HAL/Switch.o
                0x200002a4                Switches_State
 *(.bss_end .bss_end.*)
 *fill*         0x200002a5        0x3 
 .bss_end       0x200002a8        0x4 ./system/src/newlib/startup.o
                0x200002ac                . = ALIGN (0x4)
                0x200002ac                __bss_end__ = .
                0x200002ac                _ebss = .

.noinit_CCMRAM
 *(.noinit.CCMRAM .noinit.CCMRAM.*)

.noinit         0x200002ac        0x0
                0x200002ac                _noinit = .
 *(.noinit .noinit.*)
                0x200002ac                . = ALIGN (0x4)
                0x200002ac                _end_noinit = .
                [!provide]                PROVIDE (end, _end_noinit)
                [!provide]                PROVIDE (_end, _end_noinit)
                [!provide]                PROVIDE (__end, _end_noinit)
                [!provide]                PROVIDE (__end__, _end_noinit)

._check_stack   0x200002ac      0x100
                0x200003ac                . = (. + _Minimum_Stack_Size)
 *fill*         0x200002ac      0x100 

.b1text
 *(.b1text)
 *(.b1rodata)
 *(.b1rodata.*)

.eb0text
 *(.eb0text)
 *(.eb0rodata)
 *(.eb0rodata.*)

.eb1text
 *(.eb1text)
 *(.eb1rodata)
 *(.eb1rodata.*)

.eb2text
 *(.eb2text)
 *(.eb2rodata)
 *(.eb2rodata.*)

.eb3text
 *(.eb3text)
 *(.eb3rodata)
 *(.eb3rodata.*)

.stab
 *(.stab)

.stabstr
 *(.stabstr)

.stab.excl
 *(.stab.excl)

.stab.exclstr
 *(.stab.exclstr)

.stab.index
 *(.stab.index)

.stab.indexstr
 *(.stab.indexstr)

.comment        0x00000000       0x6e
 *(.comment)
 .comment       0x00000000       0x6e ./system/src/newlib/exit.o
                                 0x6f (size before relaxing)
 .comment       0x0000006e       0x6f ./system/src/newlib/sbrk.o
 .comment       0x0000006e       0x6f ./system/src/newlib/startup.o
 .comment       0x0000006e       0x6f ./system/src/newlib/syscalls.o
 .comment       0x0000006e       0x6f ./system/src/diag/trace-impl.o
 .comment       0x0000006e       0x6f ./system/src/diag/trace.o
 .comment       0x0000006e       0x6f ./system/src/cortexm/exception-handlers.o
 .comment       0x0000006e       0x6f ./system/src/cortexm/initialize-hardware.o
 .comment       0x0000006e       0x6f ./system/src/cmsis/system_stm32f4xx.o
 .comment       0x0000006e       0x6f ./system/src/cmsis/vectors_stm32f401xc.o
 .comment       0x0000006e       0x6f ./src/Sched/Sched.o
 .comment       0x0000006e       0x6f ./src/Sched/Sched_cfg.o
 .comment       0x0000006e       0x6f ./src/MCAL/Clock_Control.o
 .comment       0x0000006e       0x6f ./src/MCAL/GPIO.o
 .comment       0x0000006e       0x6f ./src/MCAL/NVIC.o
 .comment       0x0000006e       0x6f ./src/MCAL/RCC.o
 .comment       0x0000006e       0x6f ./src/MCAL/SysTick.o
 .comment       0x0000006e       0x6f ./src/MCAL/USART.o
 .comment       0x0000006e       0x6f ./src/HAL/LCD.o
 .comment       0x0000006e       0x6f ./src/HAL/LCD_Cfg.o
 .comment       0x0000006e       0x6f ./src/HAL/LED.o
 .comment       0x0000006e       0x6f ./src/HAL/LED_Cfg.o
 .comment       0x0000006e       0x6f ./src/HAL/Switch.o
 .comment       0x0000006e       0x6f ./src/HAL/Switch_Cfg.o
 .comment       0x0000006e       0x6f ./src/APP2.o
 .comment       0x0000006e       0x6f ./src/Init.o
 .comment       0x0000006e       0x6f ./src/LCD_Task.o
 .comment       0x0000006e       0x6f ./src/Switch_App.o
 .comment       0x0000006e       0x6f ./src/Switch_Task.o
 .comment       0x0000006e       0x6f ./src/USART.o
 .comment       0x0000006e       0x6f ./src/main.o

.ARM.attributes
                0x00000000       0x31
 .ARM.attributes
                0x00000000       0x33 ./system/src/newlib/exit.o
 .ARM.attributes
                0x00000033       0x33 ./system/src/newlib/sbrk.o
 .ARM.attributes
                0x00000066       0x33 ./system/src/newlib/startup.o
 .ARM.attributes
                0x00000099       0x33 ./system/src/newlib/syscalls.o
 .ARM.attributes
                0x000000cc       0x33 ./system/src/diag/trace-impl.o
 .ARM.attributes
                0x000000ff       0x33 ./system/src/diag/trace.o
 .ARM.attributes
                0x00000132       0x33 ./system/src/cortexm/exception-handlers.o
 .ARM.attributes
                0x00000165       0x33 ./system/src/cortexm/initialize-hardware.o
 .ARM.attributes
                0x00000198       0x33 ./system/src/cmsis/system_stm32f4xx.o
 .ARM.attributes
                0x000001cb       0x33 ./system/src/cmsis/vectors_stm32f401xc.o
 .ARM.attributes
                0x000001fe       0x33 ./src/Sched/Sched.o
 .ARM.attributes
                0x00000231       0x33 ./src/Sched/Sched_cfg.o
 .ARM.attributes
                0x00000264       0x33 ./src/MCAL/Clock_Control.o
 .ARM.attributes
                0x00000297       0x33 ./src/MCAL/GPIO.o
 .ARM.attributes
                0x000002ca       0x33 ./src/MCAL/NVIC.o
 .ARM.attributes
                0x000002fd       0x33 ./src/MCAL/RCC.o
 .ARM.attributes
                0x00000330       0x33 ./src/MCAL/SysTick.o
 .ARM.attributes
                0x00000363       0x33 ./src/MCAL/USART.o
 .ARM.attributes
                0x00000396       0x33 ./src/HAL/LCD.o
 .ARM.attributes
                0x000003c9       0x33 ./src/HAL/LCD_Cfg.o
 .ARM.attributes
                0x000003fc       0x33 ./src/HAL/LED.o
 .ARM.attributes
                0x0000042f       0x33 ./src/HAL/LED_Cfg.o
 .ARM.attributes
                0x00000462       0x33 ./src/HAL/Switch.o
 .ARM.attributes
                0x00000495       0x33 ./src/HAL/Switch_Cfg.o
 .ARM.attributes
                0x000004c8       0x33 ./src/APP2.o
 .ARM.attributes
                0x000004fb       0x33 ./src/Init.o
 .ARM.attributes
                0x0000052e       0x33 ./src/LCD_Task.o
 .ARM.attributes
                0x00000561       0x33 ./src/Switch_App.o
 .ARM.attributes
                0x00000594       0x33 ./src/Switch_Task.o
 .ARM.attributes
                0x000005c7       0x33 ./src/USART.o
 .ARM.attributes
                0x000005fa       0x33 ./src/main.o
 .ARM.attributes
                0x0000062d       0x1e d:/iti/tourkey/tools/arm_gcc/bin/../lib/gcc/arm-none-eabi/5.4.1/armv7e-m\libgcc.a(_arm_addsubdf3.o)
 .ARM.attributes
                0x0000064b       0x1e d:/iti/tourkey/tools/arm_gcc/bin/../lib/gcc/arm-none-eabi/5.4.1/armv7e-m\libgcc.a(_arm_muldivdf3.o)
 .ARM.attributes
                0x00000669       0x1e d:/iti/tourkey/tools/arm_gcc/bin/../lib/gcc/arm-none-eabi/5.4.1/armv7e-m\libgcc.a(_arm_cmpdf2.o)
 .ARM.attributes
                0x00000687       0x1e d:/iti/tourkey/tools/arm_gcc/bin/../lib/gcc/arm-none-eabi/5.4.1/armv7e-m\libgcc.a(_arm_fixunsdfsi.o)
 .ARM.attributes
                0x000006a5       0x1e d:/iti/tourkey/tools/arm_gcc/bin/../lib/gcc/arm-none-eabi/5.4.1/armv7e-m\libgcc.a(_arm_addsubsf3.o)
 .ARM.attributes
                0x000006c3       0x1e d:/iti/tourkey/tools/arm_gcc/bin/../lib/gcc/arm-none-eabi/5.4.1/armv7e-m\libgcc.a(_arm_muldivsf3.o)
 .ARM.attributes
                0x000006e1       0x1e d:/iti/tourkey/tools/arm_gcc/bin/../lib/gcc/arm-none-eabi/5.4.1/armv7e-m\libgcc.a(_arm_fixunssfsi.o)
 .ARM.attributes
                0x000006ff       0x2e d:/iti/tourkey/tools/arm_gcc/bin/../lib/gcc/arm-none-eabi/5.4.1/../../../../arm-none-eabi/lib/armv7e-m\libg_nano.a(lib_a-errno.o)
 .ARM.attributes
                0x0000072d       0x2e d:/iti/tourkey/tools/arm_gcc/bin/../lib/gcc/arm-none-eabi/5.4.1/../../../../arm-none-eabi/lib/armv7e-m\libg_nano.a(lib_a-impure.o)
 .ARM.attributes
                0x0000075b       0x2e d:/iti/tourkey/tools/arm_gcc/bin/../lib/gcc/arm-none-eabi/5.4.1/../../../../arm-none-eabi/lib/armv7e-m\libg_nano.a(lib_a-vsnprintf.o)
 .ARM.attributes
                0x00000789       0x2e d:/iti/tourkey/tools/arm_gcc/bin/../lib/gcc/arm-none-eabi/5.4.1/../../../../arm-none-eabi/lib/armv7e-m\libg_nano.a(lib_a-nano-svfprintf.o)
 .ARM.attributes
                0x000007b7       0x2e d:/iti/tourkey/tools/arm_gcc/bin/../lib/gcc/arm-none-eabi/5.4.1/../../../../arm-none-eabi/lib/armv7e-m\libg_nano.a(lib_a-nano-vfprintf_i.o)
 .ARM.attributes
                0x000007e5       0x1c d:/iti/tourkey/tools/arm_gcc/bin/../lib/gcc/arm-none-eabi/5.4.1/../../../../arm-none-eabi/lib/armv7e-m\libg_nano.a(lib_a-memchr.o)
 .ARM.attributes
                0x00000801       0x2e d:/iti/tourkey/tools/arm_gcc/bin/../lib/gcc/arm-none-eabi/5.4.1/../../../../arm-none-eabi/lib/armv7e-m\libg_nano.a(lib_a-memcpy-stub.o)
 .ARM.attributes
                0x0000082f       0x2e d:/iti/tourkey/tools/arm_gcc/bin/../lib/gcc/arm-none-eabi/5.4.1/../../../../arm-none-eabi/lib/armv7e-m\libg_nano.a(lib_a-memmove.o)
 .ARM.attributes
                0x0000085d       0x2e d:/iti/tourkey/tools/arm_gcc/bin/../lib/gcc/arm-none-eabi/5.4.1/../../../../arm-none-eabi/lib/armv7e-m\libg_nano.a(lib_a-nano-freer.o)
 .ARM.attributes
                0x0000088b       0x2e d:/iti/tourkey/tools/arm_gcc/bin/../lib/gcc/arm-none-eabi/5.4.1/../../../../arm-none-eabi/lib/armv7e-m\libg_nano.a(lib_a-nano-mallocr.o)
 .ARM.attributes
                0x000008b9       0x2e d:/iti/tourkey/tools/arm_gcc/bin/../lib/gcc/arm-none-eabi/5.4.1/../../../../arm-none-eabi/lib/armv7e-m\libg_nano.a(lib_a-nano-reallocr.o)
 .ARM.attributes
                0x000008e7       0x2e d:/iti/tourkey/tools/arm_gcc/bin/../lib/gcc/arm-none-eabi/5.4.1/../../../../arm-none-eabi/lib/armv7e-m\libg_nano.a(lib_a-sbrkr.o)
 .ARM.attributes
                0x00000915       0x2e d:/iti/tourkey/tools/arm_gcc/bin/../lib/gcc/arm-none-eabi/5.4.1/../../../../arm-none-eabi/lib/armv7e-m\libg_nano.a(lib_a-mlock.o)
 .ARM.attributes
                0x00000943       0x2e d:/iti/tourkey/tools/arm_gcc/bin/../lib/gcc/arm-none-eabi/5.4.1/../../../../arm-none-eabi/lib/armv7e-m\libg_nano.a(lib_a-nano-msizer.o)

.debug
 *(.debug)

.line
 *(.line)

.debug_srcinfo
 *(.debug_srcinfo)

.debug_sfnames
 *(.debug_sfnames)

.debug_aranges  0x00000000      0x6e0
 *(.debug_aranges)
 .debug_aranges
                0x00000000       0x28 ./system/src/newlib/exit.o
 .debug_aranges
                0x00000028       0x20 ./system/src/newlib/sbrk.o
 .debug_aranges
                0x00000048       0x40 ./system/src/newlib/startup.o
 .debug_aranges
                0x00000088       0x30 ./system/src/newlib/syscalls.o
 .debug_aranges
                0x000000b8       0x30 ./system/src/diag/trace-impl.o
 .debug_aranges
                0x000000e8       0x38 ./system/src/diag/trace.o
 .debug_aranges
                0x00000120       0x90 ./system/src/cortexm/exception-handlers.o
 .debug_aranges
                0x000001b0       0x28 ./system/src/cortexm/initialize-hardware.o
 .debug_aranges
                0x000001d8       0x28 ./system/src/cmsis/system_stm32f4xx.o
 .debug_aranges
                0x00000200       0x20 ./system/src/cmsis/vectors_stm32f401xc.o
 .debug_aranges
                0x00000220       0x38 ./src/Sched/Sched.o
 .debug_aranges
                0x00000258       0x18 ./src/Sched/Sched_cfg.o
 .debug_aranges
                0x00000270       0x20 ./src/MCAL/Clock_Control.o
 .debug_aranges
                0x00000290       0x88 ./src/MCAL/GPIO.o
 .debug_aranges
                0x00000318       0xa8 ./src/MCAL/NVIC.o
 .debug_aranges
                0x000003c0       0x88 ./src/MCAL/RCC.o
 .debug_aranges
                0x00000448       0x60 ./src/MCAL/SysTick.o
 .debug_aranges
                0x000004a8       0x68 ./src/MCAL/USART.o
 .debug_aranges
                0x00000510       0x58 ./src/HAL/LCD.o
 .debug_aranges
                0x00000568       0x18 ./src/HAL/LCD_Cfg.o
 .debug_aranges
                0x00000580       0x28 ./src/HAL/LED.o
 .debug_aranges
                0x000005a8       0x18 ./src/HAL/LED_Cfg.o
 .debug_aranges
                0x000005c0       0x28 ./src/HAL/Switch.o
 .debug_aranges
                0x000005e8       0x18 ./src/HAL/Switch_Cfg.o
 .debug_aranges
                0x00000600       0x20 ./src/APP2.o
 .debug_aranges
                0x00000620       0x20 ./src/Init.o
 .debug_aranges
                0x00000640       0x20 ./src/LCD_Task.o
 .debug_aranges
                0x00000660       0x20 ./src/Switch_App.o
 .debug_aranges
                0x00000680       0x20 ./src/Switch_Task.o
 .debug_aranges
                0x000006a0       0x20 ./src/USART.o
 .debug_aranges
                0x000006c0       0x20 ./src/main.o

.debug_pubnames
 *(.debug_pubnames)

.debug_info     0x00000000     0x7bd9
 *(.debug_info .gnu.linkonce.wi.*)
 .debug_info    0x00000000       0xba ./system/src/newlib/exit.o
 .debug_info    0x000000ba      0x109 ./system/src/newlib/sbrk.o
 .debug_info    0x000001c3      0x45f ./system/src/newlib/startup.o
 .debug_info    0x00000622      0x1a9 ./system/src/newlib/syscalls.o
 .debug_info    0x000007cb      0x2f5 ./system/src/diag/trace-impl.o
 .debug_info    0x00000ac0      0x1cf ./system/src/diag/trace.o
 .debug_info    0x00000c8f      0x63c ./system/src/cortexm/exception-handlers.o
 .debug_info    0x000012cb      0x286 ./system/src/cortexm/initialize-hardware.o
 .debug_info    0x00001551      0x4fd ./system/src/cmsis/system_stm32f4xx.o
 .debug_info    0x00001a4e       0xd1 ./system/src/cmsis/vectors_stm32f401xc.o
 .debug_info    0x00001b1f      0x20b ./src/Sched/Sched.o
 .debug_info    0x00001d2a      0x120 ./src/Sched/Sched_cfg.o
 .debug_info    0x00001e4a      0xa64 ./src/MCAL/Clock_Control.o
 .debug_info    0x000028ae      0x984 ./src/MCAL/GPIO.o
 .debug_info    0x00003232      0xb51 ./src/MCAL/NVIC.o
 .debug_info    0x00003d83     0x1003 ./src/MCAL/RCC.o
 .debug_info    0x00004d86      0x2fb ./src/MCAL/SysTick.o
 .debug_info    0x00005081      0x736 ./src/MCAL/USART.o
 .debug_info    0x000057b7      0x71b ./src/HAL/LCD.o
 .debug_info    0x00005ed2      0x209 ./src/HAL/LCD_Cfg.o
 .debug_info    0x000060db      0x40b ./src/HAL/LED.o
 .debug_info    0x000064e6      0x245 ./src/HAL/LED_Cfg.o
 .debug_info    0x0000672b      0x427 ./src/HAL/Switch.o
 .debug_info    0x00006b52      0x24b ./src/HAL/Switch_Cfg.o
 .debug_info    0x00006d9d       0xab ./src/APP2.o
 .debug_info    0x00006e48      0x6ab ./src/Init.o
 .debug_info    0x000074f3      0x110 ./src/LCD_Task.o
 .debug_info    0x00007603      0x118 ./src/Switch_App.o
 .debug_info    0x0000771b      0x2e9 ./src/Switch_Task.o
 .debug_info    0x00007a04      0x142 ./src/USART.o
 .debug_info    0x00007b46       0x93 ./src/main.o

.debug_abbrev   0x00000000     0x1e87
 *(.debug_abbrev)
 .debug_abbrev  0x00000000       0x74 ./system/src/newlib/exit.o
 .debug_abbrev  0x00000074       0x8e ./system/src/newlib/sbrk.o
 .debug_abbrev  0x00000102      0x15e ./system/src/newlib/startup.o
 .debug_abbrev  0x00000260       0xd0 ./system/src/newlib/syscalls.o
 .debug_abbrev  0x00000330      0x19d ./system/src/diag/trace-impl.o
 .debug_abbrev  0x000004cd       0xf0 ./system/src/diag/trace.o
 .debug_abbrev  0x000005bd      0x1e9 ./system/src/cortexm/exception-handlers.o
 .debug_abbrev  0x000007a6       0xcc ./system/src/cortexm/initialize-hardware.o
 .debug_abbrev  0x00000872      0x104 ./system/src/cmsis/system_stm32f4xx.o
 .debug_abbrev  0x00000976       0x9d ./system/src/cmsis/vectors_stm32f401xc.o
 .debug_abbrev  0x00000a13      0x144 ./src/Sched/Sched.o
 .debug_abbrev  0x00000b57       0xc0 ./src/Sched/Sched_cfg.o
 .debug_abbrev  0x00000c17       0xbc ./src/MCAL/Clock_Control.o
 .debug_abbrev  0x00000cd3      0x191 ./src/MCAL/GPIO.o
 .debug_abbrev  0x00000e64      0x204 ./src/MCAL/NVIC.o
 .debug_abbrev  0x00001068      0x183 ./src/MCAL/RCC.o
 .debug_abbrev  0x000011eb      0x120 ./src/MCAL/SysTick.o
 .debug_abbrev  0x0000130b      0x192 ./src/MCAL/USART.o
 .debug_abbrev  0x0000149d      0x1b0 ./src/HAL/LCD.o
 .debug_abbrev  0x0000164d       0xa6 ./src/HAL/LCD_Cfg.o
 .debug_abbrev  0x000016f3      0x100 ./src/HAL/LED.o
 .debug_abbrev  0x000017f3       0xb5 ./src/HAL/LED_Cfg.o
 .debug_abbrev  0x000018a8      0x136 ./src/HAL/Switch.o
 .debug_abbrev  0x000019de       0xb5 ./src/HAL/Switch_Cfg.o
 .debug_abbrev  0x00001a93       0x61 ./src/APP2.o
 .debug_abbrev  0x00001af4       0xd5 ./src/Init.o
 .debug_abbrev  0x00001bc9       0x88 ./src/LCD_Task.o
 .debug_abbrev  0x00001c51       0x79 ./src/Switch_App.o
 .debug_abbrev  0x00001cca       0xe2 ./src/Switch_Task.o
 .debug_abbrev  0x00001dac       0x96 ./src/USART.o
 .debug_abbrev  0x00001e42       0x45 ./src/main.o

.debug_line     0x00000000     0x5623
 *(.debug_line)
 .debug_line    0x00000000      0x2d0 ./system/src/newlib/exit.o
 .debug_line    0x000002d0      0x27d ./system/src/newlib/sbrk.o
 .debug_line    0x0000054d      0x357 ./system/src/newlib/startup.o
 .debug_line    0x000008a4      0x380 ./system/src/newlib/syscalls.o
 .debug_line    0x00000c24      0xa5a ./system/src/diag/trace-impl.o
 .debug_line    0x0000167e      0x33e ./system/src/diag/trace.o
 .debug_line    0x000019bc      0xb23 ./system/src/cortexm/exception-handlers.o
 .debug_line    0x000024df      0x80a ./system/src/cortexm/initialize-hardware.o
 .debug_line    0x00002ce9      0x805 ./system/src/cmsis/system_stm32f4xx.o
 .debug_line    0x000034ee       0xef ./system/src/cmsis/vectors_stm32f401xc.o
 .debug_line    0x000035dd      0x185 ./src/Sched/Sched.o
 .debug_line    0x00003762       0xce ./src/Sched/Sched_cfg.o
 .debug_line    0x00003830      0x10d ./src/MCAL/Clock_Control.o
 .debug_line    0x0000393d      0x26e ./src/MCAL/GPIO.o
 .debug_line    0x00003bab      0x253 ./src/MCAL/NVIC.o
 .debug_line    0x00003dfe      0x2fb ./src/MCAL/RCC.o
 .debug_line    0x000040f9      0x196 ./src/MCAL/SysTick.o
 .debug_line    0x0000428f      0x28a ./src/MCAL/USART.o
 .debug_line    0x00004519      0x2bb ./src/HAL/LCD.o
 .debug_line    0x000047d4       0xef ./src/HAL/LCD_Cfg.o
 .debug_line    0x000048c3      0x15a ./src/HAL/LED.o
 .debug_line    0x00004a1d       0xef ./src/HAL/LED_Cfg.o
 .debug_line    0x00004b0c      0x163 ./src/HAL/Switch.o
 .debug_line    0x00004c6f       0xf8 ./src/HAL/Switch_Cfg.o
 .debug_line    0x00004d67       0xef ./src/APP2.o
 .debug_line    0x00004e56      0x1db ./src/Init.o
 .debug_line    0x00005031      0x100 ./src/LCD_Task.o
 .debug_line    0x00005131      0x113 ./src/Switch_App.o
 .debug_line    0x00005244      0x125 ./src/Switch_Task.o
 .debug_line    0x00005369      0x10d ./src/USART.o
 .debug_line    0x00005476      0x1ad ./src/main.o

.debug_frame    0x00000000     0x1644
 *(.debug_frame)
 .debug_frame   0x00000000       0x48 ./system/src/newlib/exit.o
 .debug_frame   0x00000048       0x34 ./system/src/newlib/sbrk.o
 .debug_frame   0x0000007c       0xc8 ./system/src/newlib/startup.o
 .debug_frame   0x00000144       0x80 ./system/src/newlib/syscalls.o
 .debug_frame   0x000001c4       0x7c ./system/src/diag/trace-impl.o
 .debug_frame   0x00000240       0xb8 ./system/src/diag/trace.o
 .debug_frame   0x000002f8      0x1a4 ./system/src/cortexm/exception-handlers.o
 .debug_frame   0x0000049c       0x48 ./system/src/cortexm/initialize-hardware.o
 .debug_frame   0x000004e4       0x58 ./system/src/cmsis/system_stm32f4xx.o
 .debug_frame   0x0000053c       0x28 ./system/src/cmsis/vectors_stm32f401xc.o
 .debug_frame   0x00000564       0x94 ./src/Sched/Sched.o
 .debug_frame   0x000005f8       0x38 ./src/MCAL/Clock_Control.o
 .debug_frame   0x00000630      0x240 ./src/MCAL/GPIO.o
 .debug_frame   0x00000870      0x2b4 ./src/MCAL/NVIC.o
 .debug_frame   0x00000b24      0x238 ./src/MCAL/RCC.o
 .debug_frame   0x00000d5c      0x164 ./src/MCAL/SysTick.o
 .debug_frame   0x00000ec0      0x17c ./src/MCAL/USART.o
 .debug_frame   0x0000103c      0x12c ./src/HAL/LCD.o
 .debug_frame   0x00001168       0x60 ./src/HAL/LED.o
 .debug_frame   0x000011c8       0x60 ./src/HAL/Switch.o
 .debug_frame   0x00001228       0x2c ./src/APP2.o
 .debug_frame   0x00001254       0x38 ./src/Init.o
 .debug_frame   0x0000128c       0x2c ./src/LCD_Task.o
 .debug_frame   0x000012b8       0x34 ./src/Switch_App.o
 .debug_frame   0x000012ec       0x34 ./src/Switch_Task.o
 .debug_frame   0x00001320       0x34 ./src/USART.o
 .debug_frame   0x00001354       0x2c ./src/main.o
 .debug_frame   0x00001380       0x20 d:/iti/tourkey/tools/arm_gcc/bin/../lib/gcc/arm-none-eabi/5.4.1/../../../../arm-none-eabi/lib/armv7e-m\libg_nano.a(lib_a-errno.o)
 .debug_frame   0x000013a0       0x48 d:/iti/tourkey/tools/arm_gcc/bin/../lib/gcc/arm-none-eabi/5.4.1/../../../../arm-none-eabi/lib/armv7e-m\libg_nano.a(lib_a-vsnprintf.o)
 .debug_frame   0x000013e8       0x90 d:/iti/tourkey/tools/arm_gcc/bin/../lib/gcc/arm-none-eabi/5.4.1/../../../../arm-none-eabi/lib/armv7e-m\libg_nano.a(lib_a-nano-svfprintf.o)
 .debug_frame   0x00001478       0x60 d:/iti/tourkey/tools/arm_gcc/bin/../lib/gcc/arm-none-eabi/5.4.1/../../../../arm-none-eabi/lib/armv7e-m\libg_nano.a(lib_a-nano-vfprintf_i.o)
 .debug_frame   0x000014d8       0x28 d:/iti/tourkey/tools/arm_gcc/bin/../lib/gcc/arm-none-eabi/5.4.1/../../../../arm-none-eabi/lib/armv7e-m\libg_nano.a(lib_a-memcpy-stub.o)
 .debug_frame   0x00001500       0x28 d:/iti/tourkey/tools/arm_gcc/bin/../lib/gcc/arm-none-eabi/5.4.1/../../../../arm-none-eabi/lib/armv7e-m\libg_nano.a(lib_a-memmove.o)
 .debug_frame   0x00001528       0x38 d:/iti/tourkey/tools/arm_gcc/bin/../lib/gcc/arm-none-eabi/5.4.1/../../../../arm-none-eabi/lib/armv7e-m\libg_nano.a(lib_a-nano-freer.o)
 .debug_frame   0x00001560       0x2c d:/iti/tourkey/tools/arm_gcc/bin/../lib/gcc/arm-none-eabi/5.4.1/../../../../arm-none-eabi/lib/armv7e-m\libg_nano.a(lib_a-nano-mallocr.o)
 .debug_frame   0x0000158c       0x3c d:/iti/tourkey/tools/arm_gcc/bin/../lib/gcc/arm-none-eabi/5.4.1/../../../../arm-none-eabi/lib/armv7e-m\libg_nano.a(lib_a-nano-reallocr.o)
 .debug_frame   0x000015c8       0x2c d:/iti/tourkey/tools/arm_gcc/bin/../lib/gcc/arm-none-eabi/5.4.1/../../../../arm-none-eabi/lib/armv7e-m\libg_nano.a(lib_a-sbrkr.o)
 .debug_frame   0x000015f4       0x30 d:/iti/tourkey/tools/arm_gcc/bin/../lib/gcc/arm-none-eabi/5.4.1/../../../../arm-none-eabi/lib/armv7e-m\libg_nano.a(lib_a-mlock.o)
 .debug_frame   0x00001624       0x20 d:/iti/tourkey/tools/arm_gcc/bin/../lib/gcc/arm-none-eabi/5.4.1/../../../../arm-none-eabi/lib/armv7e-m\libg_nano.a(lib_a-nano-msizer.o)

.debug_str      0x00000000    0xaad9e
 *(.debug_str)
 .debug_str     0x00000000     0x6d51 ./system/src/newlib/exit.o
                               0x6ec3 (size before relaxing)
 .debug_str     0x00006d51      0x4d5 ./system/src/newlib/sbrk.o
                               0x62b1 (size before relaxing)
 .debug_str     0x00007226      0xbdf ./system/src/newlib/startup.o
                               0x5e85 (size before relaxing)
 .debug_str     0x00007e05      0xe2f ./system/src/newlib/syscalls.o
                               0x7111 (size before relaxing)
 .debug_str     0x00008c34    0x9c647 ./system/src/diag/trace-impl.o
                              0xa3296 (size before relaxing)
 .debug_str     0x000a527b      0x87e ./system/src/diag/trace.o
                               0x76a2 (size before relaxing)
 .debug_str     0x000a5af9      0x20c ./system/src/cortexm/exception-handlers.o
                              0xa4044 (size before relaxing)
 .debug_str     0x000a5d05       0x6e ./system/src/cortexm/initialize-hardware.o
                              0x9f77e (size before relaxing)
 .debug_str     0x000a5d73      0x111 ./system/src/cmsis/system_stm32f4xx.o
                              0x9f89f (size before relaxing)
 .debug_str     0x000a5e84       0x59 ./system/src/cmsis/vectors_stm32f401xc.o
                               0x308c (size before relaxing)
 .debug_str     0x000a5edd      0x4d3 ./src/Sched/Sched.o
                               0x2a79 (size before relaxing)
 .debug_str     0x000a63b0       0x19 ./src/Sched/Sched_cfg.o
                               0x29ef (size before relaxing)
 .debug_str     0x000a63c9     0x14ed ./src/MCAL/Clock_Control.o
                               0x3e10 (size before relaxing)
 .debug_str     0x000a78b6      0x92d ./src/MCAL/GPIO.o
                               0x328f (size before relaxing)
 .debug_str     0x000a81e3      0xc02 ./src/MCAL/NVIC.o
                               0x3656 (size before relaxing)
 .debug_str     0x000a8de5      0x80f ./src/MCAL/RCC.o
                               0x4610 (size before relaxing)
 .debug_str     0x000a95f4      0x272 ./src/MCAL/SysTick.o
                               0x2c30 (size before relaxing)
 .debug_str     0x000a9866      0x880 ./src/MCAL/USART.o
                               0x325b (size before relaxing)
 .debug_str     0x000aa0e6      0x72b ./src/HAL/LCD.o
                               0x3438 (size before relaxing)
 .debug_str     0x000aa811       0x15 ./src/HAL/LCD_Cfg.o
                               0x288e (size before relaxing)
 .debug_str     0x000aa826      0x133 ./src/HAL/LED.o
                               0x2e73 (size before relaxing)
 .debug_str     0x000aa959       0x15 ./src/HAL/LED_Cfg.o
                               0x280b (size before relaxing)
 .debug_str     0x000aa96e      0x1be ./src/HAL/Switch.o
                               0x2ec6 (size before relaxing)
 .debug_str     0x000aab2c       0x18 ./src/HAL/Switch_Cfg.o
                               0x286d (size before relaxing)
 .debug_str     0x000aab44       0x18 ./src/APP2.o
                               0x2615 (size before relaxing)
 .debug_str     0x000aab5c      0x17f ./src/Init.o
                               0x337c (size before relaxing)
 .debug_str     0x000aacdb       0x1d ./src/LCD_Task.o
                               0x26e2 (size before relaxing)
 .debug_str     0x000aacf8       0x34 ./src/Switch_App.o
                               0x26e5 (size before relaxing)
 .debug_str     0x000aad2c       0x49 ./src/Switch_Task.o
                               0x28f0 (size before relaxing)
 .debug_str     0x000aad75       0x16 ./src/USART.o
                               0x2689 (size before relaxing)
 .debug_str     0x000aad8b       0x13 ./src/main.o
                               0x2745 (size before relaxing)

.debug_loc
 *(.debug_loc)

.debug_macinfo
 *(.debug_macinfo)

.debug_weaknames
 *(.debug_weaknames)

.debug_funcnames
 *(.debug_funcnames)

.debug_typenames
 *(.debug_typenames)

.debug_varnames
 *(.debug_varnames)
OUTPUT(STM32F401.elf elf32-littlearm)

.debug_ranges   0x00000000      0x4d0
 .debug_ranges  0x00000000       0x18 ./system/src/newlib/exit.o
 .debug_ranges  0x00000018       0x10 ./system/src/newlib/sbrk.o
 .debug_ranges  0x00000028       0x30 ./system/src/newlib/startup.o
 .debug_ranges  0x00000058       0x20 ./system/src/newlib/syscalls.o
 .debug_ranges  0x00000078       0x20 ./system/src/diag/trace-impl.o
 .debug_ranges  0x00000098       0x28 ./system/src/diag/trace.o
 .debug_ranges  0x000000c0       0x80 ./system/src/cortexm/exception-handlers.o
 .debug_ranges  0x00000140       0x18 ./system/src/cortexm/initialize-hardware.o
 .debug_ranges  0x00000158       0x18 ./system/src/cmsis/system_stm32f4xx.o
 .debug_ranges  0x00000170       0x10 ./system/src/cmsis/vectors_stm32f401xc.o
 .debug_ranges  0x00000180       0x28 ./src/Sched/Sched.o
 .debug_ranges  0x000001a8       0x10 ./src/MCAL/Clock_Control.o
 .debug_ranges  0x000001b8       0x78 ./src/MCAL/GPIO.o
 .debug_ranges  0x00000230       0x98 ./src/MCAL/NVIC.o
 .debug_ranges  0x000002c8       0x78 ./src/MCAL/RCC.o
 .debug_ranges  0x00000340       0x50 ./src/MCAL/SysTick.o
 .debug_ranges  0x00000390       0x58 ./src/MCAL/USART.o
 .debug_ranges  0x000003e8       0x48 ./src/HAL/LCD.o
 .debug_ranges  0x00000430       0x18 ./src/HAL/LED.o
 .debug_ranges  0x00000448       0x18 ./src/HAL/Switch.o
 .debug_ranges  0x00000460       0x10 ./src/APP2.o
 .debug_ranges  0x00000470       0x10 ./src/Init.o
 .debug_ranges  0x00000480       0x10 ./src/LCD_Task.o
 .debug_ranges  0x00000490       0x10 ./src/Switch_App.o
 .debug_ranges  0x000004a0       0x10 ./src/Switch_Task.o
 .debug_ranges  0x000004b0       0x10 ./src/USART.o
 .debug_ranges  0x000004c0       0x10 ./src/main.o

.debug_macro    0x00000000    0x199e8
 .debug_macro   0x00000000      0x19c ./system/src/newlib/exit.o
 .debug_macro   0x0000019c      0x151 ./system/src/newlib/sbrk.o
 .debug_macro   0x000002ed      0x174 ./system/src/newlib/sbrk.o
 .debug_macro   0x00000461       0x10 ./system/src/newlib/sbrk.o
 .debug_macro   0x00000471      0x23b ./system/src/newlib/sbrk.o
 .debug_macro   0x000006ac      0x15b ./system/src/newlib/startup.o
 .debug_macro   0x00000807      0x89e ./system/src/newlib/startup.o
 .debug_macro   0x000010a5      0x1ff ./system/src/newlib/syscalls.o
 .debug_macro   0x000012a4       0x1c ./system/src/newlib/syscalls.o
 .debug_macro   0x000012c0       0x10 ./system/src/newlib/syscalls.o
 .debug_macro   0x000012d0       0x10 ./system/src/newlib/syscalls.o
 .debug_macro   0x000012e0       0x10 ./system/src/newlib/syscalls.o
 .debug_macro   0x000012f0       0x35 ./system/src/newlib/syscalls.o
 .debug_macro   0x00001325      0x122 ./system/src/newlib/syscalls.o
 .debug_macro   0x00001447       0x88 ./system/src/newlib/syscalls.o
 .debug_macro   0x000014cf       0x2b ./system/src/newlib/syscalls.o
 .debug_macro   0x000014fa      0x118 ./system/src/newlib/syscalls.o
 .debug_macro   0x00001612      0x159 ./system/src/newlib/syscalls.o
 .debug_macro   0x0000176b       0x16 ./system/src/newlib/syscalls.o
 .debug_macro   0x00001781      0x4e2 ./system/src/diag/trace-impl.o
 .debug_macro   0x00001c63       0x2e ./system/src/diag/trace-impl.o
 .debug_macro   0x00001c91       0x28 ./system/src/diag/trace-impl.o
 .debug_macro   0x00001cb9       0x1c ./system/src/diag/trace-impl.o
 .debug_macro   0x00001cd5       0x22 ./system/src/diag/trace-impl.o
 .debug_macro   0x00001cf7       0xdf ./system/src/diag/trace-impl.o
 .debug_macro   0x00001dd6     0x102d ./system/src/diag/trace-impl.o
 .debug_macro   0x00002e03      0x11f ./system/src/diag/trace-impl.o
 .debug_macro   0x00002f22     0xb850 ./system/src/diag/trace-impl.o
 .debug_macro   0x0000e772       0x43 ./system/src/diag/trace-impl.o
 .debug_macro   0x0000e7b5      0x3a2 ./system/src/diag/trace-impl.o
 .debug_macro   0x0000eb57     0x3659 ./system/src/diag/trace-impl.o
 .debug_macro   0x000121b0       0x5a ./system/src/diag/trace-impl.o
 .debug_macro   0x0001220a      0x416 ./system/src/diag/trace-impl.o
 .debug_macro   0x00012620      0x9fe ./system/src/diag/trace-impl.o
 .debug_macro   0x0001301e      0x117 ./system/src/diag/trace-impl.o
 .debug_macro   0x00013135       0xf8 ./system/src/diag/trace-impl.o
 .debug_macro   0x0001322d       0x27 ./system/src/diag/trace-impl.o
 .debug_macro   0x00013254      0x15f ./system/src/diag/trace-impl.o
 .debug_macro   0x000133b3      0x287 ./system/src/diag/trace-impl.o
 .debug_macro   0x0001363a       0x5f ./system/src/diag/trace-impl.o
 .debug_macro   0x00013699      0x236 ./system/src/diag/trace-impl.o
 .debug_macro   0x000138cf      0x391 ./system/src/diag/trace-impl.o
 .debug_macro   0x00013c60      0x176 ./system/src/diag/trace-impl.o
 .debug_macro   0x00013dd6       0xf9 ./system/src/diag/trace-impl.o
 .debug_macro   0x00013ecf       0x22 ./system/src/diag/trace-impl.o
 .debug_macro   0x00013ef1      0x132 ./system/src/diag/trace-impl.o
 .debug_macro   0x00014023      0x23a ./system/src/diag/trace-impl.o
 .debug_macro   0x0001425d       0x2e ./system/src/diag/trace-impl.o
 .debug_macro   0x0001428b      0x1b5 ./system/src/diag/trace-impl.o
 .debug_macro   0x00014440       0x22 ./system/src/diag/trace-impl.o
 .debug_macro   0x00014462       0xd6 ./system/src/diag/trace-impl.o
 .debug_macro   0x00014538      0x279 ./system/src/diag/trace-impl.o
 .debug_macro   0x000147b1      0x1a7 ./system/src/diag/trace-impl.o
 .debug_macro   0x00014958       0x46 ./system/src/diag/trace-impl.o
 .debug_macro   0x0001499e       0x4a ./system/src/diag/trace-impl.o
 .debug_macro   0x000149e8       0x78 ./system/src/diag/trace-impl.o
 .debug_macro   0x00014a60      0x11a ./system/src/diag/trace-impl.o
 .debug_macro   0x00014b7a       0x85 ./system/src/diag/trace-impl.o
 .debug_macro   0x00014bff       0x89 ./system/src/diag/trace-impl.o
 .debug_macro   0x00014c88      0x31a ./system/src/diag/trace-impl.o
 .debug_macro   0x00014fa2      0x405 ./system/src/diag/trace-impl.o
 .debug_macro   0x000153a7       0xe4 ./system/src/diag/trace-impl.o
 .debug_macro   0x0001548b      0x861 ./system/src/diag/trace-impl.o
 .debug_macro   0x00015cec      0x1d5 ./system/src/diag/trace-impl.o
 .debug_macro   0x00015ec1      0x225 ./system/src/diag/trace-impl.o
 .debug_macro   0x000160e6      0x8a0 ./system/src/diag/trace-impl.o
 .debug_macro   0x00016986       0x47 ./system/src/diag/trace-impl.o
 .debug_macro   0x000169cd      0x287 ./system/src/diag/trace-impl.o
 .debug_macro   0x00016c54      0x217 ./system/src/diag/trace-impl.o
 .debug_macro   0x00016e6b      0x1b5 ./system/src/diag/trace-impl.o
 .debug_macro   0x00017020      0x2db ./system/src/diag/trace-impl.o
 .debug_macro   0x000172fb       0x8d ./system/src/diag/trace-impl.o
 .debug_macro   0x00017388      0x21e ./system/src/diag/trace-impl.o
 .debug_macro   0x000175a6       0xba ./system/src/diag/trace-impl.o
 .debug_macro   0x00017660       0x6e ./system/src/diag/trace-impl.o
 .debug_macro   0x000176ce      0x1e9 ./system/src/diag/trace-impl.o
 .debug_macro   0x000178b7      0x126 ./system/src/diag/trace-impl.o
 .debug_macro   0x000179dd       0x10 ./system/src/diag/trace-impl.o
 .debug_macro   0x000179ed      0x307 ./system/src/diag/trace-impl.o
 .debug_macro   0x00017cf4       0x22 ./system/src/diag/trace-impl.o
 .debug_macro   0x00017d16      0x1d9 ./system/src/diag/trace.o
 .debug_macro   0x00017eef       0x16 ./system/src/diag/trace.o
 .debug_macro   0x00017f05       0x97 ./system/src/diag/trace.o
 .debug_macro   0x00017f9c       0xfd ./system/src/diag/trace.o
 .debug_macro   0x00018099       0x10 ./system/src/diag/trace.o
 .debug_macro   0x000180a9       0x16 ./system/src/diag/trace.o
 .debug_macro   0x000180bf      0x18b ./system/src/diag/trace.o
 .debug_macro   0x0001824a       0x4c ./system/src/diag/trace.o
 .debug_macro   0x00018296       0x16 ./system/src/diag/trace.o
 .debug_macro   0x000182ac      0x528 ./system/src/cortexm/exception-handlers.o
 .debug_macro   0x000187d4       0x10 ./system/src/cortexm/exception-handlers.o
 .debug_macro   0x000187e4      0x390 ./system/src/cortexm/initialize-hardware.o
 .debug_macro   0x00018b74      0x38c ./system/src/cmsis/system_stm32f4xx.o
 .debug_macro   0x00018f00       0x34 ./system/src/cmsis/vectors_stm32f401xc.o
 .debug_macro   0x00018f34       0x50 ./src/Sched/Sched.o
 .debug_macro   0x00018f84       0x7c ./src/Sched/Sched.o
 .debug_macro   0x00019000       0x1c ./src/Sched/Sched.o
 .debug_macro   0x0001901c       0x10 ./src/Sched/Sched.o
 .debug_macro   0x0001902c       0x3a ./src/Sched/Sched_cfg.o
 .debug_macro   0x00019066       0x36 ./src/MCAL/Clock_Control.o
 .debug_macro   0x0001909c       0x22 ./src/MCAL/Clock_Control.o
 .debug_macro   0x000190be       0xe5 ./src/MCAL/GPIO.o
 .debug_macro   0x000191a3       0xb1 ./src/MCAL/NVIC.o
 .debug_macro   0x00019254      0x150 ./src/MCAL/RCC.o
 .debug_macro   0x000193a4       0x1c ./src/MCAL/RCC.o
 .debug_macro   0x000193c0       0x70 ./src/MCAL/SysTick.o
 .debug_macro   0x00019430      0x112 ./src/MCAL/USART.o
 .debug_macro   0x00019542       0xdc ./src/HAL/LCD.o
 .debug_macro   0x0001961e       0x3a ./src/HAL/LCD.o
 .debug_macro   0x00019658       0x37 ./src/HAL/LCD_Cfg.o
 .debug_macro   0x0001968f       0x4d ./src/HAL/LED.o
 .debug_macro   0x000196dc       0x10 ./src/HAL/LED.o
 .debug_macro   0x000196ec       0x3b ./src/HAL/LED_Cfg.o
 .debug_macro   0x00019727       0x40 ./src/HAL/Switch.o
 .debug_macro   0x00019767       0x10 ./src/HAL/Switch.o
 .debug_macro   0x00019777       0x3e ./src/HAL/Switch_Cfg.o
 .debug_macro   0x000197b5       0x2e ./src/APP2.o
 .debug_macro   0x000197e3       0x91 ./src/Init.o
 .debug_macro   0x00019874       0x2e ./src/LCD_Task.o
 .debug_macro   0x000198a2       0x40 ./src/Switch_App.o
 .debug_macro   0x000198e2       0x3e ./src/Switch_Task.o
 .debug_macro   0x00019920       0x41 ./src/USART.o
 .debug_macro   0x00019961       0x87 ./src/main.o
